2026-10-02 20:32:45,071 DEBUG cd /workspaces/Desk/books-bench && uv venv env --seed --python /home/codespace/.python/current/bin/python3
2026-10-02 20:32:46,113 ERROR There was a problem while creating /workspaces/Desk/books-bench
2026-10-02 20:35:54,071 DEBUG cd /workspaces/Desk/books-bench && uv venv env --seed --python /home/codespace/.python/current/bin/python3
2026-10-02 20:35:55,165 LOG Getting frappe
2026-10-02 20:35:55,165 DEBUG cd /workspaces/Desk/books-bench/apps && git clone https://github.com/frappe/frappe.git --branch develop --depth 1 --origin upstream
2026-10-02 20:35:59,172 LOG Installing frappe
2026-10-02 20:35:59,175 DEBUG cd /workspaces/Desk/books-bench && uv pip install  -e /workspaces/Desk/books-bench/apps/frappe  --python /workspaces/Desk/books-bench/env/bin/python
2026-10-02 20:36:53,770 DEBUG cd /workspaces/Desk/books-bench/apps/frappe && yarn install --check-files --verbose
2026-10-02 20:38:28,620 INFO Bench /workspaces/Desk/books-bench initialized
2026-10-02 20:39:14,049 INFO /usr/local/py-utils/bin/bench set-config -g developer_mode 1
2026-10-02 20:39:16,070 INFO /usr/local/py-utils/bin/bench get-app --soft-link --skip-assets /workspaces/Desk/frappe-books
2026-10-02 20:39:16,082 LOG Getting frappe-books
2026-10-02 20:39:16,082 DEBUG cd ./apps && ln -s /workspaces/Desk/frappe-books
2026-10-02 20:39:16,089 LOG Installing frappe_books
2026-10-02 20:39:16,089 DEBUG cd /workspaces/Desk/books-bench && uv pip install --quiet -e /workspaces/Desk/frappe-books  --python /workspaces/Desk/books-bench/env/bin/python
2026-10-02 20:39:16,674 DEBUG cd /workspaces/Desk/frappe-books && yarn install --check-files
2026-10-02 20:40:18,815 INFO /usr/local/py-utils/bin/bench setup requirements --dev
2026-10-02 20:40:18,896 DEBUG cd /workspaces/Desk/books-bench && uv pip install --quiet coverage~=7.14.1 pyperf==2.8.1 pyngrok~=8.1.2 unittest-xml-reporting~=4.0.0 watchdog~=6.0.0 hypothesis~=6.155.2 responses==0.23.1 freezegun~=1.5.5  --python /workspaces/Desk/books-bench/env/bin/python
2026-10-02 20:40:32,318 INFO /usr/local/py-utils/bin/bench build
2026-10-02 20:42:00,559 INFO /usr/local/py-utils/bin/bench set-config -g redis_cache redis://127.0.0.1:13000
2026-10-02 20:42:01,173 INFO /usr/local/py-utils/bin/bench set-config -g redis_queue redis://127.0.0.1:11000
2026-10-02 20:42:01,671 INFO /usr/local/py-utils/bin/bench set-config -g redis_socketio redis://127.0.0.1:13000
2026-10-02 20:42:02,205 INFO /usr/local/py-utils/bin/bench new-site books.localhost --db-type postgres --db-host 127.0.0.1 --db-port 5432 --db-root-username postgres --db-root-password books-test --admin-password admin
2026-10-02 20:43:14,475 INFO /usr/local/py-utils/bin/bench list-sites
2026-10-02 20:43:28,207 INFO /usr/local/py-utils/bin/bench --site books.localhost list-apps
2026-10-02 20:47:14,982 INFO /usr/local/py-utils/bin/bench --version
2026-10-02 20:47:15,191 INFO /usr/local/py-utils/bin/bench --site books.localhost list-apps
2026-10-02 20:47:43,460 INFO /usr/local/py-utils/bin/bench new-site --help
2026-10-02 20:48:35,474 INFO /usr/local/py-utils/bin/bench new-site books.localhost --db-type postgres --db-host 127.0.0.1 --db-port 5432 --db-root-username postgres --db-root-password books-test --db-name _0a53f709df00e309 --admin-password admin --force --install-app frappe_books
2026-10-02 20:50:12,605 INFO /usr/local/py-utils/bin/bench --site books.localhost list-apps
2026-10-02 20:50:13,608 INFO /usr/local/py-utils/bin/bench --site books.localhost set-config allow_tests 1 --parse
2026-10-02 20:50:14,219 INFO /usr/local/py-utils/bin/bench --site books.localhost migrate
2026-10-02 20:50:33,474 INFO /usr/local/py-utils/bin/bench start
2026-10-02 20:50:34,350 INFO /usr/local/py-utils/bin/bench socketio
2026-10-02 20:50:34,514 INFO /usr/local/py-utils/bin/bench worker
2026-10-02 20:50:34,525 INFO /usr/local/py-utils/bin/bench watch
2026-10-02 20:50:34,566 INFO /usr/local/py-utils/bin/bench serve --port 8000
2026-10-02 20:50:34,646 INFO /usr/local/py-utils/bin/bench schedule
2026-10-02 20:51:28,703 INFO /usr/local/py-utils/bin/bench --version
2026-10-02 20:51:46,324 INFO /usr/local/py-utils/bin/bench set-config -g default_site books.localhost
2026-10-02 20:52:02,153 INFO /usr/local/py-utils/bin/bench --site books.localhost list-apps
2026-10-02 20:52:22,481 INFO /usr/local/py-utils/bin/bench start
2026-10-02 20:52:42,767 INFO /usr/local/py-utils/bin/bench start
2026-10-02 20:52:43,961 INFO /usr/local/py-utils/bin/bench schedule
2026-10-02 20:52:43,960 INFO /usr/local/py-utils/bin/bench socketio
2026-10-02 20:52:44,050 INFO /usr/local/py-utils/bin/bench worker
2026-10-02 20:52:44,106 INFO /usr/local/py-utils/bin/bench watch
2026-10-02 20:52:44,121 INFO /usr/local/py-utils/bin/bench serve --port 8000
2026-10-02 20:53:16,899 INFO /usr/local/py-utils/bin/bench --site books.localhost enable-scheduler
2026-10-02 20:53:18,109 INFO /usr/local/py-utils/bin/bench start
2026-10-02 20:53:18,901 INFO /usr/local/py-utils/bin/bench watch
2026-10-02 20:53:19,028 INFO /usr/local/py-utils/bin/bench worker
2026-10-02 20:53:19,267 INFO /usr/local/py-utils/bin/bench socketio
2026-10-02 20:53:19,283 INFO /usr/local/py-utils/bin/bench serve --port 8000
2026-10-02 20:53:19,321 INFO /usr/local/py-utils/bin/bench schedule
2026-10-02 20:54:39,737 INFO /usr/local/py-utils/bin/bench start
2026-10-02 20:54:40,694 INFO /usr/local/py-utils/bin/bench serve --port 8000
2026-10-02 20:54:40,953 INFO /usr/local/py-utils/bin/bench socketio
2026-10-02 20:54:40,969 INFO /usr/local/py-utils/bin/bench watch
2026-10-02 20:54:41,015 INFO /usr/local/py-utils/bin/bench schedule
2026-10-02 20:54:41,057 INFO /usr/local/py-utils/bin/bench worker
2026-10-02 20:55:08,600 INFO /usr/local/py-utils/bin/bench --site books.localhost list-apps
2026-10-02 20:58:05,815 INFO /usr/local/py-utils/bin/bench --site books.localhost set-admin-password --help
2026-10-02 20:58:11,294 INFO /usr/local/py-utils/bin/bench --site books.localhost execute frappe.db.get_value --args ["User", "Administrator", ["name", "email", "enabled"]]
2026-10-02 20:58:32,068 INFO /usr/local/py-utils/bin/bench --site books.localhost set-admin-password dEyW9U_U3PTCZ8gaMxu50jEDWMRYC1r4 --logout-all-sessions
2026-10-02 20:58:48,227 INFO /usr/local/py-utils/bin/bench --site books.localhost set-admin-password BooksDev2026! --logout-all-sessions
2026-10-02 21:37:25,636 INFO /usr/local/py-utils/bin/bench --site books.localhost list-apps
2026-10-03 12:09:23,897 INFO /usr/local/py-utils/bin/bench --site books.localhost list-apps
2026-10-03 12:11:55,650 INFO /usr/local/py-utils/bin/bench start
2026-10-03 12:11:56,557 INFO /usr/local/py-utils/bin/bench watch
2026-10-03 12:11:56,725 INFO /usr/local/py-utils/bin/bench socketio
2026-10-03 12:11:56,745 INFO /usr/local/py-utils/bin/bench schedule
2026-10-03 12:11:56,824 INFO /usr/local/py-utils/bin/bench worker
2026-10-03 12:11:56,985 INFO /usr/local/py-utils/bin/bench serve --port 8000
2026-10-03 12:12:21,685 INFO /usr/local/py-utils/bin/bench start
2026-10-03 12:12:22,611 INFO /usr/local/py-utils/bin/bench serve --port 8000
2026-10-03 12:12:22,642 INFO /usr/local/py-utils/bin/bench socketio
2026-10-03 12:12:22,729 INFO /usr/local/py-utils/bin/bench worker
2026-10-03 12:12:22,787 INFO /usr/local/py-utils/bin/bench schedule
2026-10-03 12:12:22,828 INFO /usr/local/py-utils/bin/bench watch
2026-10-03 12:12:48,540 INFO /usr/local/py-utils/bin/bench start
2026-10-03 12:12:49,391 INFO /usr/local/py-utils/bin/bench watch
2026-10-03 12:12:49,393 INFO /usr/local/py-utils/bin/bench serve --port 8000
2026-10-03 12:12:49,454 INFO /usr/local/py-utils/bin/bench socketio
2026-10-03 12:12:49,547 INFO /usr/local/py-utils/bin/bench schedule
2026-10-03 12:12:49,560 INFO /usr/local/py-utils/bin/bench worker
2026-10-03 12:15:22,006 INFO /usr/local/py-utils/bin/bench start
2026-10-03 12:15:23,564 INFO /usr/local/py-utils/bin/bench watch
2026-10-03 12:15:23,600 INFO /usr/local/py-utils/bin/bench socketio
2026-10-03 12:15:23,852 INFO /usr/local/py-utils/bin/bench serve --port 8000
2026-10-03 12:15:23,967 INFO /usr/local/py-utils/bin/bench schedule
2026-10-03 12:15:24,080 INFO /usr/local/py-utils/bin/bench worker
2026-10-03 12:15:48,203 INFO /usr/local/py-utils/bin/bench --site books.localhost doctor
2026-10-03 12:18:05,291 INFO /usr/local/py-utils/bin/bench --site books.localhost list-apps
2026-10-03 12:22:09,428 INFO /usr/local/py-utils/bin/bench --site books.localhost list-apps
