2026-10-02 21:21:36,475 ERROR after_response Failed to run after response callback: <bound method Session.update of <frappe.sessions.Session object at 0x7f5a2f4a35e0>>
Traceback (most recent call last):
  File "/workspaces/Desk/books-bench/apps/frappe/frappe/database/database.py", line 301, in sql
    self.execute_query(query, values)
    ~~~~~~~~~~~~~~~~~~^^^^^^^^^^^^^^^
  File "/workspaces/Desk/books-bench/apps/frappe/frappe/database/database.py", line 403, in execute_query
    return self._cursor.execute(query, values)
           ~~~~~~~~~~~~~~~~~~~~^^^^^^^^^^^^^^^
psycopg2.errors.SerializationFailure: could not serialize access due to concurrent update


The above exception was the direct cause of the following exception:

Traceback (most recent call last):
  File "/workspaces/Desk/books-bench/apps/frappe/frappe/app.py", line 84, in run_after_response_callbacks
    func()
    ~~~~^^
  File "/workspaces/Desk/books-bench/apps/frappe/frappe/sessions.py", line 484, in update
    ).run()
      ~~~^^
  File "/workspaces/Desk/books-bench/apps/frappe/frappe/query_builder/utils.py", line 184, in execute_query
    result = frappe.local.db.sql(query, params, *args, **kwargs)  # nosemgrep
  File "/workspaces/Desk/books-bench/apps/frappe/frappe/database/postgres/database.py", line 353, in sql
    return super().sql(modify_query(query), modify_values(values), *args, **kwargs)
           ~~~~~~~~~~~^^^^^^^^^^^^^^^^^^^^^^^^^^^^^^^^^^^^^^^^^^^^^^^^^^^^^^^^^^^^^
  File "/workspaces/Desk/books-bench/apps/frappe/frappe/database/database.py", line 308, in sql
    raise frappe.QueryDeadlockError(e) from e
frappe.exceptions.QueryDeadlockError: could not serialize access due to concurrent update

